

--------------------------------- 
RUNNING PHPUnit 
---------------------------------

PHPUnit 6.5.14 by Sebastian Bergmann and contributors.

...............................................................  63 / 131 ( 48%)
............................................................... 126 / 131 ( 96%)
.....                                                           131 / 131 (100%)

Time: 448 ms, Memory: 6.00MB

OK (131 tests, 135 assertions)
